============================= test session starts ==============================
platform linux -- Python 3.12.3, pytest-9.1.0, pluggy-1.6.0 -- /media/tharun-varshan-s/passport/SRI ESHWAR COLLEGE  OF ENGINEERING/SECE 3RD YEAR/5TH SEM/DELL/DELL_MCP/.venv/bin/python
cachedir: .pytest_cache
rootdir: /media/tharun-varshan-s/passport/SRI ESHWAR COLLEGE  OF ENGINEERING/SECE 3RD YEAR/5TH SEM/DELL/DELL_MCP
configfile: pyproject.toml
plugins: anyio-4.14.0, asyncio-1.4.0, cov-7.1.0
asyncio: mode=Mode.AUTO, debug=False, asyncio_default_fixture_loop_scope=None, asyncio_default_test_loop_scope=function
collecting ... collected 3 items

tests/generated/test_wf_wf_bootstrap_999.py::test_generated_workflow_wf_bootstrap_999_execution FAILED [ 33%]
tests/test_generator_bootstrap.py::test_dynamic_test_generator_bootstrap FAILED [ 66%]
tests/test_microservice.py::test_workflow_lifecycle_and_reload FAILED    [100%]

=================================== FAILURES ===================================
______________ test_generated_workflow_wf_bootstrap_999_execution ______________

    @pytest.mark.asyncio
    async def test_generated_workflow_wf_bootstrap_999_execution():
        from src.proxy.server import load_approved_tools_from_db
        await load_approved_tools_from_db()
        with patch("httpx.AsyncClient.request") as mock_request:
            # Mock Response
            mock_response = MagicMock()
            mock_response.status_code = 200
            mock_response.json.return_value = {"mocked": "success"}
            mock_response.raise_for_status = MagicMock()
            mock_request.return_value = mock_response
    
            # Use mock executor and clear cache
            with patch.dict(os.environ, {"DELL_EXECUTOR_TYPE": "mock", "DELL_CACHE_TTL": "60"}):
                async with _cache_lock:
                    _execution_cache.clear()
    
                # Execute tool
>               res = await mcp.call_tool("check_server_health_update", arguments={})
                      ^^^^^^^^^^^^^^^^^^^^^^^^^^^^^^^^^^^^^^^^^^^^^^^^^^^^^^^^^^^^^^^

tests/generated/test_wf_wf_bootstrap_999.py:27: 
_ _ _ _ _ _ _ _ _ _ _ _ _ _ _ _ _ _ _ _ _ _ _ _ _ _ _ _ _ _ _ _ _ _ _ _ _ _ _ _ 
.venv/lib/python3.12/site-packages/fastmcp/server/server.py:1231: in call_tool
    return await self._run_middleware(
.venv/lib/python3.12/site-packages/fastmcp/server/server.py:497: in _run_middleware
    return await chain(context)
           ^^^^^^^^^^^^^^^^^^^^
.venv/lib/python3.12/site-packages/fastmcp/server/server.py:494: in wrapped
    return await mw(ctx, call_next)
           ^^^^^^^^^^^^^^^^^^^^^^^^
.venv/lib/python3.12/site-packages/fastmcp/server/middleware/middleware.py:101: in __call__
    return await handler_chain(context)
           ^^^^^^^^^^^^^^^^^^^^^^^^^^^^
.venv/lib/python3.12/site-packages/fastmcp/server/middleware/middleware.py:83: in wrapper
    return await handler(context, call_next=call_next)
           ^^^^^^^^^^^^^^^^^^^^^^^^^^^^^^^^^^^^^^^^^^^
.venv/lib/python3.12/site-packages/fastmcp/server/middleware/middleware.py:145: in on_message
    return await call_next(context)
           ^^^^^^^^^^^^^^^^^^^^^^^^
.venv/lib/python3.12/site-packages/fastmcp/server/middleware/middleware.py:83: in wrapper
    return await handler(context, call_next=call_next)
           ^^^^^^^^^^^^^^^^^^^^^^^^^^^^^^^^^^^^^^^^^^^
.venv/lib/python3.12/site-packages/fastmcp/server/middleware/middleware.py:152: in on_request
    return await call_next(context)
           ^^^^^^^^^^^^^^^^^^^^^^^^
.venv/lib/python3.12/site-packages/fastmcp/server/middleware/middleware.py:83: in wrapper
    return await handler(context, call_next=call_next)
           ^^^^^^^^^^^^^^^^^^^^^^^^^^^^^^^^^^^^^^^^^^^
.venv/lib/python3.12/site-packages/fastmcp/server/middleware/middleware.py:173: in on_call_tool
    return await call_next(context)
           ^^^^^^^^^^^^^^^^^^^^^^^^
_ _ _ _ _ _ _ _ _ _ _ _ _ _ _ _ _ _ _ _ _ _ _ _ _ _ _ _ _ _ _ _ _ _ _ _ _ _ _ _ 

self = FastMCP('Dell Enterprise Proxy'), name = 'check_server_health_update'
arguments = {}, version = None, run_middleware = False, task_meta = None

    async def call_tool(
        self,
        name: str,
        arguments: dict[str, Any] | None = None,
        *,
        version: VersionSpec | None = None,
        run_middleware: bool = True,
        task_meta: TaskMeta | None = None,
    ) -> ToolResult | mcp.types.CreateTaskResult:
        """Call a tool by name.
    
        This is the public API for executing tools. By default, middleware is applied.
    
        Args:
            name: The tool name
            arguments: Tool arguments (optional)
            version: Specific version to call. If None, calls highest version.
            run_middleware: If True (default), apply the middleware chain.
                Set to False when called from middleware to avoid re-applying.
            task_meta: If provided, execute as a background task and return
                CreateTaskResult. If None (default), execute synchronously and
                return ToolResult.
    
        Returns:
            ToolResult when task_meta is None.
            CreateTaskResult when task_meta is provided.
    
        Raises:
            NotFoundError: If tool not found or disabled
            ToolError: If tool execution fails
            ValidationError: If arguments fail validation
        """
        # Note: fn_key enrichment happens here after finding the tool.
        # For mounted servers, the parent's provider sets fn_key to the
        # namespaced key before delegating, ensuring correct Docket routing.
    
        from fastmcp.server.providers.addressing import (
            parse_hashed_backend_name,
        )
    
        # Two routing paths:
        #   1. Hashed-name path — backend tools that opted into
        #      app-callable visibility. Recognized by their
        #      `<hash>_<local_name>` format and resolved via the
        #      reverse-hash map. Address is known eagerly.
        #   2. Display-name path — everything else. Goes through normal
        #      `get_tool` aggregation/transforms. Address is determined
        #      after resolution by walking the registry.
        async with fastmcp.server.context.Context(fastmcp=self) as ctx:
            if run_middleware:
                mw_context = MiddlewareContext[CallToolRequestParams](
                    message=mcp.types.CallToolRequestParams(
                        name=name, arguments=arguments or {}
                    ),
                    source="client",
                    type="request",
                    method="tools/call",
                    fastmcp_context=ctx,
                )
                return await self._run_middleware(
                    context=mw_context,
                    call_next=lambda context: self.call_tool(
                        context.message.name,
                        context.message.arguments or {},
                        version=version,
                        run_middleware=False,
                        task_meta=task_meta,
                    ),
                )
    
            # Core logic: find and execute tool
            with server_span(
                f"tools/call {name}",
                "tools/call",
                self.name,
                "tool",
                name,
                tool_name=name,
            ) as span:
                # Try normal display-name resolution first.
                tool: Tool | None = await self.get_tool(name, version=version)
    
                # If that fails, try hashed-name dispatch. This walks
                # the provider tree recursively (same pattern as the old
                # get_app_tool) looking for a tool whose stored hash
                # matches the parsed prefix.
                if tool is None:
                    hashed = parse_hashed_backend_name(name)
                    if hashed is not None:
                        digest, local_name = hashed
                        tool = await self.get_tool_by_hash(digest, local_name)
                        if tool is not None:
                            # Auth still applies on the bypass path.
                            skip_auth, token = _get_auth_context()
                            if not skip_auth and tool.auth is not None:
                                try:
                                    auth_ctx = AuthContext(token=token, component=tool)
                                    if not await run_auth_checks(tool.auth, auth_ctx):
                                        raise NotFoundError(f"Unknown tool: {name!r}")
                                except AuthorizationError:
                                    raise NotFoundError(
                                        f"Unknown tool: {name!r}"
                                    ) from None
    
                if tool is None:
>                   raise NotFoundError(f"Unknown tool: {name!r}")
E                   fastmcp.exceptions.NotFoundError: Unknown tool: 'check_server_health_update'

.venv/lib/python3.12/site-packages/fastmcp/server/server.py:1277: NotFoundError
____________________ test_dynamic_test_generator_bootstrap _____________________

dummy_db = '/tmp/tmp2airl8ca'

    def test_dynamic_test_generator_bootstrap(dummy_db):
        os.environ["DELL_TEST_DB_PATH"] = dummy_db
        # 1. Run generator
        generate_tests_from_db(dummy_db)
    
        # 2. Assert generated file exists
        expected_file = os.path.join(GENERATED_DIR, "test_wf_wf_bootstrap_999.py")
        assert os.path.exists(expected_file), f"Generated file {expected_file} does not exist"
    
        # 3. Read content and verify assertions structure
        with open(expected_file, "r") as f:
            content = f.read()
    
        assert "async def test_generated_workflow_wf_bootstrap_999_execution" in content
        assert "assert len(calls) == 2" in content  # 3 steps, but 1 is cached
        assert "assert calls[0].args[0] == 'GET'" in content
        assert "assert calls[1].args[0] == 'POST'" in content
        assert "No new network call expected" in content
    
        # 4. Programmatically run pytest on the generated file to ensure it is valid
        # Must use the same environment's python/pytest
        import sys
        env = os.environ.copy()
        env["DELL_TEST_DB_PATH"] = dummy_db
    
        result = subprocess.run(
            [sys.executable, "-m", "pytest", expected_file, "-v"],
            capture_output=True,
            text=True,
            env=env,
            cwd=os.path.dirname(os.path.dirname(os.path.dirname(__file__)))
        )
    
>       assert result.returncode == 0, f"Generated test failed!\nSTDOUT:\n{result.stdout}\nSTDERR:\n{result.stderr}"
E       AssertionError: Generated test failed!
E         STDOUT:
E         ============================= test session starts ==============================
E         platform linux -- Python 3.12.3, pytest-9.1.0, pluggy-1.6.0 -- /media/tharun-varshan-s/passport/SRI ESHWAR COLLEGE  OF ENGINEERING/SECE 3RD YEAR/5TH SEM/DELL/DELL_MCP/.venv/bin/python
E         cachedir: .pytest_cache
E         rootdir: /media/tharun-varshan-s/passport/SRI ESHWAR COLLEGE  OF ENGINEERING/SECE 3RD YEAR/5TH SEM/DELL/DELL_MCP
E         configfile: pyproject.toml
E         plugins: anyio-4.14.0, asyncio-1.4.0, cov-7.1.0
E         asyncio: mode=Mode.AUTO, debug=False, asyncio_default_fixture_loop_scope=None, asyncio_default_test_loop_scope=function
E         collecting ... collected 1 item
E         
E         DELL_MCP/tests/generated/test_wf_wf_bootstrap_999.py::test_generated_workflow_wf_bootstrap_999_execution FAILED [100%]
E         
E         =================================== FAILURES ===================================
E         ______________ test_generated_workflow_wf_bootstrap_999_execution ______________
E         
E         self = <sqlalchemy.engine.base.Connection object at 0x770cb055a6f0>
E         dialect = <sqlalchemy.dialects.sqlite.aiosqlite.SQLiteDialect_aiosqlite object at 0x770cb06d67e0>
E         context = <sqlalchemy.dialects.sqlite.aiosqlite.SQLiteExecutionContext_aiosqlite object at 0x770cb0614ce0>
E         statement = <sqlalchemy.dialects.sqlite.base.SQLiteCompiler object at 0x770cb055b620>
E         parameters = [(1,)]
E         
E             def _exec_single_context(
E                 self,
E                 dialect: Dialect,
E                 context: ExecutionContext,
E                 statement: Union[str, Compiled],
E                 parameters: Optional[_AnyMultiExecuteParams],
E             ) -> CursorResult[Any]:
E                 """continue the _execute_context() method for a single DBAPI
E                 cursor.execute() or cursor.executemany() call.
E             
E                 """
E                 if dialect.bind_typing is BindTyping.SETINPUTSIZES:
E                     generic_setinputsizes = context._prepare_set_input_sizes()
E             
E                     if generic_setinputsizes:
E                         try:
E                             dialect.do_set_input_sizes(
E                                 context.cursor, generic_setinputsizes, context
E                             )
E                         except BaseException as e:
E                             self._handle_dbapi_exception(
E                                 e, str(statement), parameters, None, context
E                             )
E             
E                 cursor, str_statement, parameters = (
E                     context.cursor,
E                     context.statement,
E                     context.parameters,
E                 )
E             
E                 effective_parameters: Optional[_AnyExecuteParams]
E             
E                 if not context.executemany:
E                     effective_parameters = parameters[0]
E                 else:
E                     effective_parameters = parameters
E             
E                 if self._has_events or self.engine._has_events:
E                     for fn in self.dispatch.before_cursor_execute:
E                         str_statement, effective_parameters = fn(
E                             self,
E                             cursor,
E                             str_statement,
E                             effective_parameters,
E                             context,
E                             context.executemany,
E                         )
E             
E                 if self._echo:
E                     self._log_info(str_statement)
E             
E                     stats = context._get_cache_stats()
E             
E                     if not self.engine.hide_parameters:
E                         self._log_info(
E                             "[%s] %r",
E                             stats,
E                             sql_util._repr_params(
E                                 effective_parameters,
E                                 batches=10,
E                                 ismulti=context.executemany,
E                             ),
E                         )
E                     else:
E                         self._log_info(
E                             "[%s] [SQL parameters hidden due to hide_parameters=True]",
E                             stats,
E                         )
E             
E                 evt_handled: bool = False
E                 try:
E                     if context.execute_style is ExecuteStyle.EXECUTEMANY:
E                         effective_parameters = cast(
E                             "_CoreMultiExecuteParams", effective_parameters
E                         )
E                         if self.dialect._has_events:
E                             for fn in self.dialect.dispatch.do_executemany:
E                                 if fn(
E                                     cursor,
E                                     str_statement,
E                                     effective_parameters,
E                                     context,
E                                 ):
E                                     evt_handled = True
E                                     break
E                         if not evt_handled:
E                             self.dialect.do_executemany(
E                                 cursor,
E                                 str_statement,
E                                 effective_parameters,
E                                 context,
E                             )
E                     elif not effective_parameters and context.no_parameters:
E                         if self.dialect._has_events:
E                             for fn in self.dialect.dispatch.do_execute_no_params:
E                                 if fn(cursor, str_statement, context):
E                                     evt_handled = True
E                                     break
E                         if not evt_handled:
E                             self.dialect.do_execute_no_params(
E                                 cursor, str_statement, context
E                             )
E                     else:
E                         effective_parameters = cast(
E                             "_CoreSingleExecuteParams", effective_parameters
E                         )
E                         if self.dialect._has_events:
E                             for fn in self.dialect.dispatch.do_execute:
E                                 if fn(
E                                     cursor,
E                                     str_statement,
E                                     effective_parameters,
E                                     context,
E                                 ):
E                                     evt_handled = True
E                                     break
E                         if not evt_handled:
E         >                   self.dialect.do_execute(
E                                 cursor, str_statement, effective_parameters, context
E                             )
E         
E         DELL_MCP/.venv/lib/python3.12/site-packages/sqlalchemy/engine/base.py:1969: 
E         _ _ _ _ _ _ _ _ _ _ _ _ _ _ _ _ _ _ _ _ _ _ _ _ _ _ _ _ _ _ _ _ _ _ _ _ _ _ _ _ 
E         DELL_MCP/.venv/lib/python3.12/site-packages/sqlalchemy/engine/default.py:952: in do_execute
E             cursor.execute(statement, parameters)
E         DELL_MCP/.venv/lib/python3.12/site-packages/sqlalchemy/dialects/sqlite/aiosqlite.py:183: in execute
E             self._adapt_connection._handle_exception(error)
E         DELL_MCP/.venv/lib/python3.12/site-packages/sqlalchemy/dialects/sqlite/aiosqlite.py:343: in _handle_exception
E             raise error
E         DELL_MCP/.venv/lib/python3.12/site-packages/sqlalchemy/dialects/sqlite/aiosqlite.py:165: in execute
E             self.await_(_cursor.execute(operation, parameters))
E         DELL_MCP/.venv/lib/python3.12/site-packages/sqlalchemy/util/_concurrency_py3k.py:132: in await_only
E             return current.parent.switch(awaitable)  # type: ignore[no-any-return,attr-defined] # noqa: E501
E                    ^^^^^^^^^^^^^^^^^^^^^^^^^^^^^^^^
E         DELL_MCP/.venv/lib/python3.12/site-packages/sqlalchemy/util/_concurrency_py3k.py:196: in greenlet_spawn
E             value = await result
E                     ^^^^^^^^^^^^
E         DELL_MCP/.venv/lib/python3.12/site-packages/aiosqlite/cursor.py:40: in execute
E             await self._execute(self._cursor.execute, sql, parameters)
E         DELL_MCP/.venv/lib/python3.12/site-packages/aiosqlite/cursor.py:32: in _execute
E             return await self._conn._execute(fn, *args, **kwargs)
E                    ^^^^^^^^^^^^^^^^^^^^^^^^^^^^^^^^^^^^^^^^^^^^^^
E         DELL_MCP/.venv/lib/python3.12/site-packages/aiosqlite/core.py:160: in _execute
E             return await future
E                    ^^^^^^^^^^^^
E         _ _ _ _ _ _ _ _ _ _ _ _ _ _ _ _ _ _ _ _ _ _ _ _ _ _ _ _ _ _ _ _ _ _ _ _ _ _ _ _ 
E         
E         tx = <_queue.SimpleQueue object at 0x770cb0567c40>
E         
E             def _connection_worker_thread(tx: _TxQueue):
E                 """
E                 Execute function calls on a separate thread.
E             
E                 :meta private:
E                 """
E                 while True:
E                     # Continues running until all queue items are processed,
E                     # even after connection is closed (so we can finalize all
E                     # futures)
E             
E                     future, function = tx.get()
E             
E                     try:
E                         LOG.debug("executing %s", function)
E         >               result = function()
E                                  ^^^^^^^^^^
E         E               sqlite3.OperationalError: no such column: workflows.rejection_reason
E         
E         DELL_MCP/.venv/lib/python3.12/site-packages/aiosqlite/core.py:63: OperationalError
E         
E         The above exception was the direct cause of the following exception:
E         
E             @pytest.mark.asyncio
E             async def test_generated_workflow_wf_bootstrap_999_execution():
E                 from src.proxy.server import load_approved_tools_from_db
E         >       await load_approved_tools_from_db()
E         
E         DELL_MCP/tests/generated/test_wf_wf_bootstrap_999.py:12: 
E         _ _ _ _ _ _ _ _ _ _ _ _ _ _ _ _ _ _ _ _ _ _ _ _ _ _ _ _ _ _ _ _ _ _ _ _ _ _ _ _ 
E         DELL_MCP/src/proxy/server.py:124: in load_approved_tools_from_db
E             result = await session.execute(
E         DELL_MCP/.venv/lib/python3.12/site-packages/sqlalchemy/ext/asyncio/session.py:448: in execute
E             result = await greenlet_spawn(
E         DELL_MCP/.venv/lib/python3.12/site-packages/sqlalchemy/util/_concurrency_py3k.py:201: in greenlet_spawn
E             result = context.throw(*sys.exc_info())
E                      ^^^^^^^^^^^^^^^^^^^^^^^^^^^^^^
E         DELL_MCP/.venv/lib/python3.12/site-packages/sqlalchemy/orm/session.py:2373: in execute
E             return self._execute_internal(
E         DELL_MCP/.venv/lib/python3.12/site-packages/sqlalchemy/orm/session.py:2271: in _execute_internal
E             result: Result[Any] = compile_state_cls.orm_execute_statement(
E         DELL_MCP/.venv/lib/python3.12/site-packages/sqlalchemy/orm/context.py:306: in orm_execute_statement
E             result = conn.execute(
E         DELL_MCP/.venv/lib/python3.12/site-packages/sqlalchemy/engine/base.py:1421: in execute
E             return meth(
E         DELL_MCP/.venv/lib/python3.12/site-packages/sqlalchemy/sql/elements.py:526: in _execute_on_connection
E             return connection._execute_clauseelement(
E         DELL_MCP/.venv/lib/python3.12/site-packages/sqlalchemy/engine/base.py:1643: in _execute_clauseelement
E             ret = self._execute_context(
E         DELL_MCP/.venv/lib/python3.12/site-packages/sqlalchemy/engine/base.py:1848: in _execute_context
E             return self._exec_single_context(
E         DELL_MCP/.venv/lib/python3.12/site-packages/sqlalchemy/engine/base.py:1988: in _exec_single_context
E             self._handle_dbapi_exception(
E         DELL_MCP/.venv/lib/python3.12/site-packages/sqlalchemy/engine/base.py:2365: in _handle_dbapi_exception
E             raise sqlalchemy_exception.with_traceback(exc_info[2]) from e
E         DELL_MCP/.venv/lib/python3.12/site-packages/sqlalchemy/engine/base.py:1969: in _exec_single_context
E             self.dialect.do_execute(
E         DELL_MCP/.venv/lib/python3.12/site-packages/sqlalchemy/engine/default.py:952: in do_execute
E             cursor.execute(statement, parameters)
E         DELL_MCP/.venv/lib/python3.12/site-packages/sqlalchemy/dialects/sqlite/aiosqlite.py:183: in execute
E             self._adapt_connection._handle_exception(error)
E         DELL_MCP/.venv/lib/python3.12/site-packages/sqlalchemy/dialects/sqlite/aiosqlite.py:343: in _handle_exception
E             raise error
E         DELL_MCP/.venv/lib/python3.12/site-packages/sqlalchemy/dialects/sqlite/aiosqlite.py:165: in execute
E             self.await_(_cursor.execute(operation, parameters))
E         DELL_MCP/.venv/lib/python3.12/site-packages/sqlalchemy/util/_concurrency_py3k.py:132: in await_only
E             return current.parent.switch(awaitable)  # type: ignore[no-any-return,attr-defined] # noqa: E501
E                    ^^^^^^^^^^^^^^^^^^^^^^^^^^^^^^^^
E         DELL_MCP/.venv/lib/python3.12/site-packages/sqlalchemy/util/_concurrency_py3k.py:196: in greenlet_spawn
E             value = await result
E                     ^^^^^^^^^^^^
E         DELL_MCP/.venv/lib/python3.12/site-packages/aiosqlite/cursor.py:40: in execute
E             await self._execute(self._cursor.execute, sql, parameters)
E         DELL_MCP/.venv/lib/python3.12/site-packages/aiosqlite/cursor.py:32: in _execute
E             return await self._conn._execute(fn, *args, **kwargs)
E                    ^^^^^^^^^^^^^^^^^^^^^^^^^^^^^^^^^^^^^^^^^^^^^^
E         DELL_MCP/.venv/lib/python3.12/site-packages/aiosqlite/core.py:160: in _execute
E             return await future
E                    ^^^^^^^^^^^^
E         _ _ _ _ _ _ _ _ _ _ _ _ _ _ _ _ _ _ _ _ _ _ _ _ _ _ _ _ _ _ _ _ _ _ _ _ _ _ _ _ 
E         
E         tx = <_queue.SimpleQueue object at 0x770cb0567c40>
E         
E             def _connection_worker_thread(tx: _TxQueue):
E                 """
E                 Execute function calls on a separate thread.
E             
E                 :meta private:
E                 """
E                 while True:
E                     # Continues running until all queue items are processed,
E                     # even after connection is closed (so we can finalize all
E                     # futures)
E             
E                     future, function = tx.get()
E             
E                     try:
E                         LOG.debug("executing %s", function)
E         >               result = function()
E                                  ^^^^^^^^^^
E         E               sqlalchemy.exc.OperationalError: (sqlite3.OperationalError) no such column: workflows.rejection_reason
E         E               [SQL: SELECT workflows.id, workflows.system_name, workflows.display_name, workflows.risk_level, workflows.cluster_size, workflows.confidence, workflows.generated_description, workflows.approved, workflows.rejection_reason, workflows.community_id, workflows.workflow_version, workflows.approved_by, workflows.approved_at, workflows.risk_score, workflows.governance_score, workflows.policy_version, workflows.execution_count, workflows.last_execution_status, workflows.rollback_version, workflows.supports_rollback, workflows.rollback_strategy 
E         E               FROM workflows 
E         E               WHERE workflows.approved = ?]
E         E               [parameters: (1,)]
E         E               (Background on this error at: https://sqlalche.me/e/20/e3q8)
E         
E         DELL_MCP/.venv/lib/python3.12/site-packages/aiosqlite/core.py:63: OperationalError
E         =========================== short test summary info ============================
E         FAILED DELL_MCP/tests/generated/test_wf_wf_bootstrap_999.py::test_generated_workflow_wf_bootstrap_999_execution
E         ============================== 1 failed in 4.22s ===============================
E         
E         STDERR:
E         
E       assert 1 == 0
E        +  where 1 = CompletedProcess(args=['/media/tharun-varshan-s/passport/SRI ESHWAR COLLEGE  OF ENGINEERING/SECE 3RD YEAR/5TH SEM/DELL/DELL_MCP/.venv/bin/python', '-m', 'pytest', '/media/tharun-varshan-s/passport/SRI ESHWAR COLLEGE  OF ENGINEERING/SECE 3RD YEAR/5TH SEM/DELL/DELL_MCP/tests/generated/test_wf_wf_bootstrap_999.py', '-v'], returncode=1, stdout='============================= test session starts ==============================\nplatform linux -- Python 3.12.3, pytest-9.1.0, pluggy-1.6.0 -- /media/tharun-varshan-s/passport/SRI ESHWAR COLLEGE  OF ENGINEERING/SECE 3RD YEAR/5TH SEM/DELL/DELL_MCP/.venv/bin/python\ncachedir: .pytest_cache\nrootdir: /media/tharun-varshan-s/passport/SRI ESHWAR COLLEGE  OF ENGINEERING/SECE 3RD YEAR/5TH SEM/DELL/DELL_MCP\nconfigfile: pyproject.toml\nplugins: anyio-4.14.0, asyncio-1.4.0, cov-7.1.0\nasyncio: mode=Mode.AUTO, debug=False, asyncio_default_fixture_loop_scope=None, asyncio_default_test_loop_scope=function\ncollecting ... collected 1 item\n\nDELL_MCP/tests/generated/test_wf_wf_bootstrap_999.py::test_generated_workflow_wf_bootstrap_999_execution FAILED [100%]\n\n=================================== FAILURES ===================================\n____________...qlite3.OperationalError) no such column: workflows.rejection_reason\nE               [SQL: SELECT workflows.id, workflows.system_name, workflows.display_name, workflows.risk_level, workflows.cluster_size, workflows.confidence, workflows.generated_description, workflows.approved, workflows.rejection_reason, workflows.community_id, workflows.workflow_version, workflows.approved_by, workflows.approved_at, workflows.risk_score, workflows.governance_score, workflows.policy_version, workflows.execution_count, workflows.last_execution_status, workflows.rollback_version, workflows.supports_rollback, workflows.rollback_strategy \nE               FROM workflows \nE               WHERE workflows.approved = ?]\nE               [parameters: (1,)]\nE               (Background on this error at: https://sqlalche.me/e/20/e3q8)\n\nDELL_MCP/.venv/lib/python3.12/site-packages/aiosqlite/core.py:63: OperationalError\n=========================== short test summary info ============================\nFAILED DELL_MCP/tests/generated/test_wf_wf_bootstrap_999.py::test_generated_workflow_wf_bootstrap_999_execution\n============================== 1 failed in 4.22s ===============================\n', stderr='').returncode

tests/test_generator_bootstrap.py:111: AssertionError
______________________ test_workflow_lifecycle_and_reload ______________________

    def test_workflow_lifecycle_and_reload():
        """
        Integration test validating the full workflow status lifecycle (pending -> approved/rejected),
        the SQLite ORM persistence layer, the /reload hot-reload handler, and FastMCP tool registration.
        """
        with TestClient(app) as client:
            # Helper to run async db seeding
            async def seed_pending_workflow():
                import datetime
                async with async_session() as session:
                    # Clean up existing test workflows for isolation
                    await session.execute(
                        delete(Workflow).where(Workflow.id.in_(["test_wf_1", "test_wf_2"]))
                    )
    
                    # Insert first workflow as pending
                    wf1 = Workflow(
                        id="test_wf_1",
                        system_name="test_workflow_one",
                        display_name="test_workflow_one",
                        generated_description="A test workflow description",
                        risk_level="low",
                        approved=0,
                        cluster_size=1,
                        confidence=0.9,
                    )
                    step1 = EndpointStep(
                        step_order=1,
                        operation_id="GetSystem",
                        method="GET",
                        url="/redfish/v1/Systems/{ComputerSystemId}",
                        required_params="[]",
                        created_at=datetime.datetime.now().isoformat(),
                    )
                    wf1.steps.append(step1)
    
                    # Insert second workflow as pending
                    wf2 = Workflow(
                        id="test_wf_2",
                        system_name="test_workflow_two",
                        display_name="test_workflow_two",
                        generated_description="Second test workflow",
                        risk_level="high",
                        approved=0,
                        cluster_size=1,
                        confidence=0.9,
                    )
    
                    session.add_all([wf1, wf2])
                    await session.commit()
    
            asyncio.run(seed_pending_workflow())
    
            # 1. Verify GET /api/v1/workflows/pending returns our seeded workflows
            response = client.get("/api/v1/workflows/pending")
            assert response.status_code == 200
            pending_list = response.json()
            assert len(pending_list) >= 2
            assert any(wf["id"] == "test_wf_1" for wf in pending_list)
            assert any(wf["id"] == "test_wf_2" for wf in pending_list)
            for wf in pending_list:
                assert "underlyingEndpoints" in wf
    
            # 2. Approve test_wf_1 via REST endpoint
            response = client.post(
                "/api/v1/workflows/test_wf_1/approve",
                headers={"X-API-Key": "default_dev_key"},
            )
            assert response.status_code == 200
            assert response.json() == {
                "status": "approved",
            }
    
            # 3. Reject test_wf_2 via REST endpoint
            response = client.post(
                "/api/v1/workflows/test_wf_2/reject",
                json={"reason": "test rejection"},
                headers={"X-API-Key": "default_dev_key"},
            )
            assert response.status_code == 200
            assert response.json() == {
                "status": "rejected",
            }
    
            # Verify statuses updated correctly in SQLite
            async def verify_database_states():
                async with async_session() as session:
                    wf1 = (
                        await session.execute(
                            select(Workflow).where(Workflow.id == "test_wf_1")
                        )
                    ).scalar_one()
                    wf2 = (
                        await session.execute(
                            select(Workflow).where(Workflow.id == "test_wf_2")
                        )
                    ).scalar_one()
                    assert wf1.approved == 1
                    assert wf2.approved == 2
    
            asyncio.run(verify_database_states())
    
            # 4. Trigger /api/v1/mcp/reload to register approved tools dynamically
            response = client.post(
                "/api/v1/mcp/reload",
                headers={"X-API-Key": "default_dev_key"},
            )
            assert response.status_code == 200
            reload_data = response.json()
            assert reload_data["status"] == "reloaded"
    
            # 5. Verify the tool is registered within FastMCP and available to clients
            async def verify_mcp_registration():
                tools = await mcp.list_tools()
                tool_names = [t.name for t in tools]
    
                # The approved workflow should be registered
                assert "test_workflow_one" in tool_names
                # The rejected workflow should NOT be registered
                assert "test_workflow_two" not in tool_names
    
                # Built-in diagnostic tools should be preserved
                assert "get_proxy_status" in tool_names
                assert "preview_workflow_steps" in tool_names
    
>           asyncio.run(verify_mcp_registration())

tests/test_microservice.py:134: 
_ _ _ _ _ _ _ _ _ _ _ _ _ _ _ _ _ _ _ _ _ _ _ _ _ _ _ _ _ _ _ _ _ _ _ _ _ _ _ _ 
/usr/lib/python3.12/asyncio/runners.py:194: in run
    return runner.run(main)
           ^^^^^^^^^^^^^^^^
/usr/lib/python3.12/asyncio/runners.py:118: in run
    return self._loop.run_until_complete(task)
           ^^^^^^^^^^^^^^^^^^^^^^^^^^^^^^^^^^^
/usr/lib/python3.12/asyncio/base_events.py:687: in run_until_complete
    return future.result()
           ^^^^^^^^^^^^^^^
_ _ _ _ _ _ _ _ _ _ _ _ _ _ _ _ _ _ _ _ _ _ _ _ _ _ _ _ _ _ _ _ _ _ _ _ _ _ _ _ 

    async def verify_mcp_registration():
        tools = await mcp.list_tools()
        tool_names = [t.name for t in tools]
    
        # The approved workflow should be registered
        assert "test_workflow_one" in tool_names
        # The rejected workflow should NOT be registered
        assert "test_workflow_two" not in tool_names
    
        # Built-in diagnostic tools should be preserved
        assert "get_proxy_status" in tool_names
>       assert "preview_workflow_steps" in tool_names
E       AssertionError: assert 'preview_workflow_steps' in ['get_proxy_status', 'expand_workflow', 'collapse_workflow', 'check_workflow_compatibility', 'preview_compatibility_report', 'revert_previous_action', ...]

tests/test_microservice.py:132: AssertionError
----------------------------- Captured stderr call -----------------------------
[06/21/26 15:19:19] WARNING  Component already exists:     local_provider.py:192
                             tool:wf_happy_path@                                
                    WARNING  Component already exists:     local_provider.py:192
                             tool:wf_policy_block@                              
                    WARNING  Component already exists:     local_provider.py:192
                             tool:wf_param_validation@                          
------------------------------ Captured log call -------------------------------
WARNING  fastmcp.server.providers.local_provider.local_provider:local_provider.py:192 Component already exists: tool:wf_happy_path@
WARNING  fastmcp.server.providers.local_provider.local_provider:local_provider.py:192 Component already exists: tool:wf_policy_block@
WARNING  fastmcp.server.providers.local_provider.local_provider:local_provider.py:192 Component already exists: tool:wf_param_validation@
=============================== warnings summary ===============================
.venv/lib/python3.12/site-packages/fastapi/testclient.py:1
  /media/tharun-varshan-s/passport/SRI ESHWAR COLLEGE  OF ENGINEERING/SECE 3RD YEAR/5TH SEM/DELL/DELL_MCP/.venv/lib/python3.12/site-packages/fastapi/testclient.py:1: StarletteDeprecationWarning: Using `httpx` with `starlette.testclient` is deprecated; install `httpx2` instead.
    from starlette.testclient import TestClient as TestClient  # noqa

-- Docs: https://docs.pytest.org/en/stable/how-to/capture-warnings.html
=========================== short test summary info ============================
FAILED tests/generated/test_wf_wf_bootstrap_999.py::test_generated_workflow_wf_bootstrap_999_execution
FAILED tests/test_generator_bootstrap.py::test_dynamic_test_generator_bootstrap
FAILED tests/test_microservice.py::test_workflow_lifecycle_and_reload - Asser...
======================== 3 failed, 1 warning in 10.17s =========================
